.\gradlew.bat : WARNING: A restricted method in java.lang.System has been called
At C:\Users\moham\AppData\Local\Temp\ps-script-02512b97-a064-4bc6-bf0c-2bb8ecb18283.ps1:104 char:49
+ ... 7tb\mobel\child_app_native"; .\gradlew.bat assembleDebug 2>&1 | Out-F ...
+                                  ~~~~~~~~~~~~~~~~~~~~~~~~~~~~~~~~
    + CategoryInfo          : NotSpecified: (WARNING: A rest...has been called:String) [], RemoteException
    + FullyQualifiedErrorId : NativeCommandError
 
WARNING: java.lang.System::load has been called by net.rubygrapefruit.platform.internal.NativeLibraryLoader in an 
unnamed module (file:/C:/Users/moham/AppData/Local/Temp/cursor-sandbox-cache/62a1a7ff336f93ac1fc13b9f993a892d/gradle/wr
apper/dists/gradle-8.5-bin/5t9huq95ubn472n8rpzujfbqh/gradle-8.5/lib/native-platform-0.22-milestone-25.jar)
WARNING: Use --enable-native-access=ALL-UNNAMED to avoid a warning for callers in this module
WARNING: Restricted methods will be blocked in a future release unless native access is enabled

> Task :app:preBuild UP-TO-DATE
> Task :app:preDebugBuild UP-TO-DATE
> Task :app:mergeDebugNativeDebugMetadata NO-SOURCE
> Task :app:checkKotlinGradlePluginConfigurationErrors
> Task :app:generateDebugBuildConfig UP-TO-DATE
> Task :app:checkDebugAarMetadata UP-TO-DATE
> Task :app:generateDebugResValues UP-TO-DATE
> Task :app:processDebugGoogleServices FAILED

FAILURE: Build failed with an exception.

* What went wrong:
Execution failed for task ':app:processDebugGoogleServices'.
> File google-services.json is missing. 
  The Google Services Plugin cannot function without it. 
  Searched locations: D:\projects\abo7tb\mobel\child_app_native\app\src\debug\google-services.json, 
D:\projects\abo7tb\mobel\child_app_native\app\src\debug\google-services.json, 
D:\projects\abo7tb\mobel\child_app_native\app\src\google-services.json, 
D:\projects\abo7tb\mobel\child_app_native\app\src\debug\google-services.json, 
D:\projects\abo7tb\mobel\child_app_native\app\src\Debug\google-services.json, 
D:\projects\abo7tb\mobel\child_app_native\app\google-services.json

* Try:
> Run with --stacktrace option to get the stack trace.
> Run with --info or --debug option to get more log output.
> Run with --scan to get full insights.
> Get more help at https://help.gradle.org.

BUILD FAILED in 2s
5 actionable tasks: 2 executed, 3 up-to-date
